core_cm0plus.h:741:22:__NVIC_EnableIRQ	16	static
fsl_clock.h:441:20:CLOCK_EnableClock	16	static
fsl_clock.h:452:20:CLOCK_DisableClock	16	static
fsl_common.h:484:28:EnableIRQ	16	static
fsl_usart.h:352:24:USART_GetStatusFlags	16	static
fsl_usart.h:393:20:USART_EnableInterrupts	16	static
fsl_usart.h:411:20:USART_DisableInterrupts	16	static
fsl_usart.h:443:20:USART_EnableContinuousSCLK	16	static
fsl_usart.h:502:20:USART_EnableTx	16	static
fsl_usart.h:524:20:USART_EnableRx	16	static
fsl_usart.c:65:10:USART_GetInstance	24	static
fsl_usart.c:88:8:USART_TransferGetRxRingBufferLength	24	static
fsl_usart.c:108:13:USART_TransferIsRxRingBufferFull	24	static
fsl_usart.c:143:6:USART_TransferStartRingBuffer	24	static
fsl_usart.c:169:6:USART_TransferStopRingBuffer	16	static
fsl_usart.c:209:10:USART_Init	32	static
fsl_usart.c:268:6:USART_Deinit	16	static
fsl_usart.c:300:6:USART_GetDefaultConfig	16	static
fsl_usart.c:337:10:USART_SetBaudRate	56	static
fsl_usart.c:423:10:USART_WriteBlocking	32	static
fsl_usart.c:484:10:USART_ReadBlocking	40	static
fsl_usart.c:560:10:USART_TransferCreateHandle	32	static
fsl_usart.c:608:10:USART_TransferSendNonBlocking	24	static
fsl_usart.c:643:6:USART_TransferAbortSend	16	static
fsl_usart.c:667:10:USART_TransferGetSendCount	32	static
fsl_usart.c:713:10:USART_TransferReceiveNonBlocking	56	static
fsl_usart.c:823:6:USART_TransferAbortReceive	16	static
fsl_usart.c:850:10:USART_TransferGetReceiveCount	32	static
fsl_usart.c:876:6:USART_TransferHandleIRQ	40	static
fsl_usart.c:982:6:USART0_DriverIRQHandler	8	static
fsl_usart.c:989:6:USART1_DriverIRQHandler	8	static
fsl_usart.c:996:6:USART2_DriverIRQHandler	8	static
fsl_usart.c:1003:6:PIN_INT6_USART3_DriverIRQHandler	8	static
fsl_usart.c:1010:6:PIN_INT7_USART4_DriverIRQHandler	8	static
