core_cm0plus.h:741:22:__NVIC_EnableIRQ	16	static
core_cm0plus.h:779:22:__NVIC_DisableIRQ	16	static
fsl_common.h:484:28:EnableIRQ	16	static
fsl_common.h:522:28:DisableIRQ	16	static
fsl_gpio.h:186:20:GPIO_PortSet	24	static
fsl_gpio.h:198:20:GPIO_PortClear	24	static
fsl_usart.h:352:24:USART_GetStatusFlags	16	static
fsl_usart.h:369:20:USART_ClearStatusFlags	16	static
Tutorial_WebServer__1.c:56:6:USART1_IRQHandler	8	static
Tutorial_WebServer__1.c:75:8:ESP8266_Response	32	static
Tutorial_WebServer__1.c:101:8:ESP8266_Init	112	static
Tutorial_WebServer__1.c:157:6:ESP8266_WebServer	80	static
Tutorial_WebServer__1.c:268:5:main	16	static
